[2024-01-19T12:27:00.263+0100][gc] Using G1
[2024-01-19T12:27:00.269+0100][gc,init] Version: 17.0.8+9-LTS-211 (release)
[2024-01-19T12:27:00.269+0100][gc,init] CPUs: 8 total, 8 available
[2024-01-19T12:27:00.269+0100][gc,init] Memory: 16262M
[2024-01-19T12:27:00.269+0100][gc,init] Large Page Support: Disabled
[2024-01-19T12:27:00.269+0100][gc,init] NUMA Support: Disabled
[2024-01-19T12:27:00.269+0100][gc,init] Compressed Oops: Enabled (32-bit)
[2024-01-19T12:27:00.269+0100][gc,init] Heap Region Size: 1M
[2024-01-19T12:27:00.269+0100][gc,init] Heap Min Capacity: 512M
[2024-01-19T12:27:00.269+0100][gc,init] Heap Initial Capacity: 512M
[2024-01-19T12:27:00.269+0100][gc,init] Heap Max Capacity: 512M
[2024-01-19T12:27:00.269+0100][gc,init] Pre-touch: Disabled
[2024-01-19T12:27:00.269+0100][gc,init] Parallel Workers: 8
[2024-01-19T12:27:00.269+0100][gc,init] Concurrent Workers: 2
[2024-01-19T12:27:00.269+0100][gc,init] Concurrent Refinement Workers: 8
[2024-01-19T12:27:00.269+0100][gc,init] Periodic GC: Disabled
[2024-01-19T12:27:00.279+0100][gc,metaspace] CDS archive(s) mapped at: [0x000001c70f000000-0x000001c70fbd0000-0x000001c70fbd0000), size 12386304, SharedBaseAddress: 0x000001c70f000000, ArchiveRelocationMode: 1.
[2024-01-19T12:27:00.279+0100][gc,metaspace] Compressed class space mapped at: 0x000001c710000000-0x000001c750000000, reserved size: 1073741824
[2024-01-19T12:27:00.279+0100][gc,metaspace] Narrow klass base: 0x000001c70f000000, Narrow klass shift: 0, Narrow klass range: 0x100000000
[2024-01-19T12:27:00.743+0100][gc,heap,exit] Heap
[2024-01-19T12:27:00.744+0100][gc,heap,exit]  garbage-first heap   total 524288K, used 7170K [0x00000000e0000000, 0x0000000100000000)
[2024-01-19T12:27:00.744+0100][gc,heap,exit]   region size 1024K, 8 young (8192K), 0 survivors (0K)
[2024-01-19T12:27:00.744+0100][gc,heap,exit]  Metaspace       used 4563K, committed 4800K, reserved 1114112K
[2024-01-19T12:27:00.744+0100][gc,heap,exit]   class space    used 510K, committed 640K, reserved 1048576K
